
 test.18604.18604.3.out
 Comet version 2015.02 rev. 3
 (c) University of Washington
 09/24/2017, 08:14:52 PM, 13 sec. on samson
 (M+H)+ mass = 1696.870579 ~ 0.016969 (+3), fragment tol = 0.0300, binoffset = 0.000, MONO/MONO
 total inten = 1.13E+04, lowest Sp = 0.0, # matched peptides = 3557
 # amino acids = 29002950, # proteins = 70861, TAIR10_pep_20101214_FR_CP_BSA.fasta
 ion series ABCXYZ nl: 010010 1
 display top 3,  PPM MH+ISOTOPE1
 (M* +15.994915) (NQ# +0.984016) +nt=229.162932 C=160.030649 K=357.257895 Enzyme:Trypsin (1)

  #   Rank/Sp    (M+H)+   deltCn   Xcorr   Expect   Ions  Reference           Peptide
 ---  -------  ---------  ------  ------   ------   ----  ---------           -------
  1.   1 /  1  1695.8540  0.0000  0.4480   2.8270   2/44  REV_AT2G43790.1     -.QQYEPN#FALAER.Y
  2.   2 /  8  1696.8824  0.1649  0.3741   9.2019   1/40  AT5G20040.1     +1  R.QAMEYLLQCRR.Y
  3.   3 / 10  1694.8798  0.1686  0.3724   9.4441   1/44  51467513|           R.QAQ#EYESLLN#IR.V

a=-0.693669 b=3.558723 0-4
HIST:	0.0	3557	3.551	3.559	999.000
HIST:	0.1	649	2.812	2.865	732.916
HIST:	0.2	164	2.215	2.171	148.383
HIST:	0.3	38	1.580	1.478	30.041
HIST:	0.4	5	0.699	0.784	6.082

