
 test.18658.18658.2.out
 Comet version 2015.02 rev. 3
 (c) University of Washington
 09/24/2017, 08:14:52 PM, 13 sec. on samson
 (M+H)+ mass = 1446.750658 ~ 0.014468 (+2), fragment tol = 0.0300, binoffset = 0.000, MONO/MONO
 total inten = 7.72E+04, lowest Sp = 0.0, # matched peptides = 2298
 # amino acids = 29002950, # proteins = 70861, TAIR10_pep_20101214_FR_CP_BSA.fasta
 ion series ABCXYZ nl: 010010 1
 display top 3,  PPM MH+ISOTOPE1
 (M* +15.994915) (NQ# +0.984016) +nt=229.162932 C=160.030649 K=357.257895 Enzyme:Trypsin (1)

  #   Rank/Sp    (M+H)+   deltCn   Xcorr   Expect   Ions  Reference        Peptide
 ---  -------  ---------  ------  ------   ------   ----  ---------        -------
  1.   1 /  2  1446.7638  0.0000  0.7485   3.2784   3/18  AT5G20240.1      K.EN#DSLQLELR.H
  2.   2 / 11  1446.7395  0.1016  0.6724   7.0807   2/18  REV_AT5G63630.1  R.DLSAIM*HMQR.V
  3.   3 / 11  1446.7395  0.1082  0.6674   7.4469   2/18  REV_AT5G63630.1  R.DLSAIMHM*QR.V

a=-0.439832 b=3.807603 0-7
HIST:	0.0	3000	3.477	3.808	999.000
HIST:	0.1	2207	3.344	3.368	999.000
HIST:	0.2	2043	3.310	2.928	847.108
HIST:	0.3	522	2.718	2.488	307.686
HIST:	0.4	110	2.041	2.048	111.757
HIST:	0.5	30	1.477	1.608	40.592
HIST:	0.6	12	1.079	1.169	14.744
HIST:	0.7	5	0.699	0.729	5.355

