
 test.18520.18520.4.out
 Comet version 2015.02 rev. 3
 (c) University of Washington
 09/24/2017, 08:14:52 PM, 13 sec. on samson
 (M+H)+ mass = 4583.346823 ~ 0.045833 (+4), fragment tol = 0.0300, binoffset = 0.000, MONO/MONO
 total inten = 4.19E+05, lowest Sp = 0.0, # matched peptides = 10448
 # amino acids = 29002950, # proteins = 70861, TAIR10_pep_20101214_FR_CP_BSA.fasta
 ion series ABCXYZ nl: 010010 1
 display top 3,  PPM MH+ISOTOPE1
 (M* +15.994915) (NQ# +0.984016) +nt=229.162932 C=160.030649 K=357.257895 Enzyme:Trypsin (1)

  #   Rank/Sp    (M+H)+   deltCn   Xcorr   Expect   Ions  Reference    Peptide
 ---  -------  ---------  ------  ------   ------   ----  ---------    -------
  1.   1 /  2  4584.3098  0.0000  5.3075 2.63e-06  23/258 AT4G34200.1  R.AGVGIDNVDLSAATEFGCLVVN#APTANTIAAAEHGIALMAAMAR.N
  2.   2 /  1  4584.3098  0.0034  5.2895 2.81e-06  23/258 AT4G34200.1  R.AGVGIDNVDLSAATEFGCLVVNAPTAN#TIAAAEHGIALMAAMAR.N
  3.   3 /  2  4583.3258  0.0450  5.0689 6.40e-06  23/258 AT4G34200.1  R.AGVGIDNVDLSAATEFGCLVVNAPTANTIAAAEHGIALMAAMAR.N

a=-0.162098 b=3.022604 9-18
HIST:	0.0	10440	4.019	3.023	999.000
HIST:	0.1	6671	3.824	2.861	725.280
HIST:	0.2	4698	3.672	2.698	499.353
HIST:	0.3	2917	3.465	2.536	343.803
HIST:	0.4	1733	3.239	2.374	236.707
HIST:	0.5	845	2.927	2.212	162.972
HIST:	0.6	486	2.687	2.050	112.206
HIST:	0.7	267	2.427	1.888	77.253
HIST:	0.8	127	2.104	1.726	53.189
HIST:	0.9	56	1.748	1.564	36.620
HIST:	1.0	30	1.477	1.402	25.213
HIST:	1.1	12	1.079	1.240	17.359
HIST:	1.2	10	1.000	1.077	11.952
HIST:	1.3	7	0.845	0.915	8.229
HIST:	1.4	5	0.699	0.753	5.665
HIST:	1.6	4	0.602	0.429	2.686
HIST:	1.7	2	0.301	0.267	1.849
HIST:	1.8	1	0.000	0.105	1.273
HIST:	2.5	1	0.000	-1.030	0.093
HIST:	2.6	1	0.000	-1.192	0.064
HIST:	2.7	1	0.000	-1.354	0.044
HIST:	2.8	1	0.000	-1.516	0.030
HIST:	4.0	1	0.000	-3.461	0.000
HIST:	5.1	1	0.000	-5.244	0.000
HIST:	5.3	2	0.301	-5.569	0.000

