
 test.18686.18686.2.out
 Comet version 2015.02 rev. 3
 (c) University of Washington
 09/24/2017, 08:14:52 PM, 13 sec. on samson
 (M+H)+ mass = 2082.030321 ~ 0.020820 (+2), fragment tol = 0.0300, binoffset = 0.000, MONO/MONO
 total inten = 7.21E+04, lowest Sp = 0.0, # matched peptides = 4312
 # amino acids = 29002950, # proteins = 70861, TAIR10_pep_20101214_FR_CP_BSA.fasta
 ion series ABCXYZ nl: 010010 1
 display top 3,  PPM MH+ISOTOPE1
 (M* +15.994915) (NQ# +0.984016) +nt=229.162932 C=160.030649 K=357.257895 Enzyme:Trypsin (1)

  #   Rank/Sp    (M+H)+   deltCn   Xcorr   Expect   Ions  Reference        Peptide
 ---  -------  ---------  ------  ------   ------   ----  ---------        -------
  1.   1 /  1  2082.0130  0.0000  0.6179   2.5705   3/30  REV_AT3G10530.1  K.Q#AAAFFQ#DN#HLFAVDR.V
  2.   2 /  4  2083.0344  0.0976  0.5576   5.8002   2/28  REV_AT4G32150.1  R.DQSYSVNSDNDGPVK.E
  3.   3 /  9  2080.0079  0.1909  0.4999  12.6384   2/30  REV_AT1G74360.1  K.NQRNVEFTPSPN#SGM*R.T

a=-0.586257 b=4.032358 0-6
HIST:	0.0	4312	3.635	4.032	999.000
HIST:	0.1	2994	3.476	3.446	999.000
HIST:	0.2	2335	3.368	2.860	724.177
HIST:	0.3	203	2.307	2.274	187.753
HIST:	0.4	56	1.748	1.687	48.678
HIST:	0.5	12	1.079	1.101	12.620
HIST:	0.6	2	0.301	0.515	3.272

