
 test.18665.18665.3.out
 Comet version 2015.02 rev. 3
 (c) University of Washington
 09/24/2017, 08:14:52 PM, 13 sec. on samson
 (M+H)+ mass = 2999.699314 ~ 0.029997 (+3), fragment tol = 0.0300, binoffset = 0.000, MONO/MONO
 total inten = 4.75E+04, lowest Sp = 0.0, # matched peptides = 3067
 # amino acids = 29002950, # proteins = 70861, TAIR10_pep_20101214_FR_CP_BSA.fasta
 ion series ABCXYZ nl: 010010 1
 display top 3,  PPM MH+ISOTOPE1
 (M* +15.994915) (NQ# +0.984016) +nt=229.162932 C=160.030649 K=357.257895 Enzyme:Trypsin (1)

  #   Rank/Sp    (M+H)+   deltCn   Xcorr   Expect   Ions  Reference    Peptide
 ---  -------  ---------  ------  ------   ------   ----  ---------    -------
  1.   1 /  1  2999.6813  0.0000  2.5274   0.0002  12/88  AT1G63000.1  K.VVDIPNSMTILDELLPISIEMAK.R
  2.   1 /  1  2999.6813  0.0000  2.5274   0.0002  12/88  AT3G14790.1  K.VVN#IPNSMTILDELLPISIEMAK.R
  3.   2 /  2  2999.6813  0.1992  2.0240   0.0052  10/88  AT3G14790.1  K.VVNIPN#SMTILDELLPISIEMAK.R

a=-0.302985 b=3.845517 0-12
HIST:	0.0	3063	3.486	3.846	999.000
HIST:	0.1	2693	3.430	3.543	999.000
HIST:	0.2	2558	3.408	3.240	999.000
HIST:	0.3	1386	3.142	2.937	864.097
HIST:	0.4	705	2.848	2.634	430.108
HIST:	0.5	329	2.517	2.331	214.088
HIST:	0.6	137	2.137	2.028	106.563
HIST:	0.7	59	1.771	1.725	53.042
HIST:	0.8	32	1.505	1.422	26.402
HIST:	0.9	8	0.903	1.119	13.142
HIST:	1.0	5	0.699	0.816	6.541
HIST:	1.2	1	0.000	0.210	1.621
HIST:	1.5	1	0.000	-0.699	0.200
HIST:	2.0	1	0.000	-2.214	0.006
HIST:	2.5	2	0.301	-3.729	0.000

