
 test.18703.18703.2.out
 Comet version 2015.02 rev. 3
 (c) University of Washington
 09/24/2017, 08:14:52 PM, 13 sec. on samson
 (M+H)+ mass = 2101.035692 ~ 0.021010 (+2), fragment tol = 0.0300, binoffset = 0.000, MONO/MONO
 total inten = 1.01E+04, lowest Sp = 0.0, # matched peptides = 4138
 # amino acids = 29002950, # proteins = 70861, TAIR10_pep_20101214_FR_CP_BSA.fasta
 ion series ABCXYZ nl: 010010 1
 display top 3,  PPM MH+ISOTOPE1
 (M* +15.994915) (NQ# +0.984016) +nt=229.162932 C=160.030649 K=357.257895 Enzyme:Trypsin (1)

  #   Rank/Sp    (M+H)+   deltCn   Xcorr   Expect   Ions  Reference       Peptide
 ---  -------  ---------  ------  ------   ------   ----  ---------       -------
  1.   1 /  3  2101.0490  0.0000  0.2791   6.5644   1/28  AT4G30940.1     R.SN#EYGIGVWDQ#STGK.Q
  2.   2 /  7  2099.0463  0.0447  0.2666   8.5780   1/30  AT1G05640.1     R.VVMERQ#LSFM*N#VGGER.K
  3.   3 /  8  2102.0489  0.0922  0.2533  11.4079   1/30  AT2G23060.1 +1  R.GSCYGSGSRSWPGSAK.F

a=-0.932368 b=3.419333 0-3
HIST:	0.0	4138	3.617	3.419	999.000
HIST:	0.1	118	2.072	2.487	306.878
HIST:	0.2	62	1.792	1.555	35.859
HIST:	0.3	4	0.602	0.622	4.190

