
 test.18544.18544.3.out
 Comet version 2015.02 rev. 3
 (c) University of Washington
 09/24/2017, 08:14:52 PM, 13 sec. on samson
 (M+H)+ mass = 3378.768650 ~ 0.033788 (+3), fragment tol = 0.0300, binoffset = 0.000, MONO/MONO
 total inten = 5.02E+04, lowest Sp = 0.0, # matched peptides = 8213
 # amino acids = 29002950, # proteins = 70861, TAIR10_pep_20101214_FR_CP_BSA.fasta
 ion series ABCXYZ nl: 010010 1
 display top 3,  PPM MH+ISOTOPE1
 (M* +15.994915) (NQ# +0.984016) +nt=229.162932 C=160.030649 K=357.257895 Enzyme:Trypsin (1)

  #   Rank/Sp    (M+H)+   deltCn   Xcorr   Expect   Ions  Reference       Peptide
 ---  -------  ---------  ------  ------   ------   ----  ---------       -------
  1.   1 /  5  3378.7736  0.0000  0.4660  16.1772   2/100 AT1G64790.1 +1  R.TKQ#SSVQLLGAMAFCAPQQLSQCLPR.V
  2.   1 /  5  3379.7577  0.0000  0.4660  16.1772   2/100 AT1G64790.1 +1  R.TKQ#SSVQ#LLGAMAFCAPQQLSQCLPR.V
  3.   2 /  5  3379.7577  0.0072  0.4627  16.8908   2/100 AT1G64790.1 +1  R.TKQ#SSVQLLGAMAFCAPQQ#LSQCLPR.V

a=-0.562411 b=3.829713 0-5
HIST:	0.0	8213	3.915	3.830	999.000
HIST:	0.1	1661	3.220	3.267	999.000
HIST:	0.2	531	2.725	2.705	506.863
HIST:	0.3	100	2.000	2.142	138.829
HIST:	0.4	37	1.568	1.580	38.025
HIST:	0.5	13	1.114	1.018	10.415

