
 test.18641.18641.2.out
 Comet version 2015.02 rev. 3
 (c) University of Washington
 09/24/2017, 08:14:52 PM, 13 sec. on samson
 (M+H)+ mass = 1531.808886 ~ 0.015318 (+2), fragment tol = 0.0300, binoffset = 0.000, MONO/MONO
 total inten = 2.10E+04, lowest Sp = 0.0, # matched peptides = 3325
 # amino acids = 29002950, # proteins = 70861, TAIR10_pep_20101214_FR_CP_BSA.fasta
 ion series ABCXYZ nl: 010010 1
 display top 3,  PPM MH+ISOTOPE1
 (M* +15.994915) (NQ# +0.984016) +nt=229.162932 C=160.030649 K=357.257895 Enzyme:Trypsin (1)

  #   Rank/Sp    (M+H)+   deltCn   Xcorr   Expect   Ions  Reference        Peptide
 ---  -------  ---------  ------  ------   ------   ----  ---------        -------
  1.   1 / 10  1532.8158  0.0000  0.6933   3.0373   2/20  REV_AT1G77310.1  R.FELN#PN#AN#LLR.E
  2.   2 /  1  1530.8204  0.1352  0.5995   8.2466   3/18  REV_AT3G17265.1  K.DSAVFYAN#GK.L
  3.   3 /  5  1532.8183  0.1573  0.5842   9.7053   2/16  REV_AT2G10602.1  -.CTLYFGN#AK.I

a=-0.462768 b=3.690692 0-7
HIST:	0.0	3325	3.522	3.691	999.000
HIST:	0.1	1441	3.159	3.228	999.000
HIST:	0.2	1255	3.099	2.765	582.313
HIST:	0.3	303	2.481	2.302	200.627
HIST:	0.4	116	2.064	1.840	69.123
HIST:	0.5	35	1.544	1.377	23.815
HIST:	0.6	5	0.699	0.914	8.205
HIST:	0.7	1	0.000	0.451	2.827

