
 test.18537.18537.4.out
 Comet version 2015.02 rev. 3
 (c) University of Washington
 09/24/2017, 08:14:52 PM, 13 sec. on samson
 (M+H)+ mass = 2883.421774 ~ 0.028834 (+4), fragment tol = 0.0300, binoffset = 0.000, MONO/MONO
 total inten = 1.42E+05, lowest Sp = 0.0, # matched peptides = 10381
 # amino acids = 29002950, # proteins = 70861, TAIR10_pep_20101214_FR_CP_BSA.fasta
 ion series ABCXYZ nl: 010010 1
 display top 3,  PPM MH+ISOTOPE1
 (M* +15.994915) (NQ# +0.984016) +nt=229.162932 C=160.030649 K=357.257895 Enzyme:Trypsin (1)

  #   Rank/Sp    (M+H)+   deltCn   Xcorr   Expect   Ions  Reference        Peptide
 ---  -------  ---------  ------  ------   ------   ----  ---------        -------
  1.   1 / 13  2881.4089  0.0000  0.6765  11.1282   3/120 REV_AT2G38630.1  R.SSNGLDSSSCDEEKPPGN#NAK.I
  2.   2 / 13  2881.4089  0.0012  0.6757  11.2265   3/120 REV_AT2G38630.1  R.SSNGLDSSSCDEEKPPGNN#AK.I
  3.   3 / 18  2884.4535  0.0146  0.6666  12.3838   3/132 REV_AT5G16570.1  K.WLITSEAIMSTVTYPDM*NSAPRR.D

a=-0.468751 b=4.217674 0-7
HIST:	0.0	10381	4.016	4.218	999.000
HIST:	0.1	4339	3.637	3.749	999.000
HIST:	0.2	2087	3.320	3.280	999.000
HIST:	0.3	967	2.985	2.811	647.769
HIST:	0.4	355	2.550	2.343	220.125
HIST:	0.5	122	2.086	1.874	74.803
HIST:	0.6	35	1.544	1.405	25.419
HIST:	0.7	3	0.477	0.936	8.638

