
 test.18668.18668.2.out
 Comet version 2015.02 rev. 3
 (c) University of Washington
 09/24/2017, 08:14:52 PM, 13 sec. on samson
 (M+H)+ mass = 2197.212450 ~ 0.021972 (+2), fragment tol = 0.0300, binoffset = 0.000, MONO/MONO
 total inten = 5.05E+03, lowest Sp = 0.0, # matched peptides = 5597
 # amino acids = 29002950, # proteins = 70861, TAIR10_pep_20101214_FR_CP_BSA.fasta
 ion series ABCXYZ nl: 010010 1
 display top 3,  PPM MH+ISOTOPE1
 (M* +15.994915) (NQ# +0.984016) +nt=229.162932 C=160.030649 K=357.257895 Enzyme:Trypsin (1)

  #   Rank/Sp    (M+H)+   deltCn   Xcorr   Expect   Ions  Reference        Peptide
 ---  -------  ---------  ------  ------   ------   ----  ---------        -------
  1.   1 /  1  2194.1809  0.0000  0.3961   1.8976   2/24  REV_AT1G07090.1  K.HN#KLYQLFTNWDR.R
  2.   2 / 13  2194.1949  0.1098  0.3526   4.4449   1/26  AT1G65800.1      K.LRTSGFPEFYIYN#K.E
  3.   3 / 15  2196.2099  0.1575  0.3337   6.4339   1/26  AT5G26630.1      K.MVNQETFLQ#Q#RITK.A

a=-0.849996 b=3.644738 0-4
HIST:	0.0	5597	3.748	3.645	999.000
HIST:	0.1	323	2.509	2.795	623.365
HIST:	0.2	183	2.262	1.945	88.053
HIST:	0.3	8	0.903	1.095	12.438
HIST:	0.4	2	0.301	0.245	1.757

