
 test.18660.18660.3.out
 Comet version 2015.02 rev. 3
 (c) University of Washington
 09/24/2017, 08:14:52 PM, 13 sec. on samson
 (M+H)+ mass = 3335.751682 ~ 0.033358 (+3), fragment tol = 0.0300, binoffset = 0.000, MONO/MONO
 total inten = 1.21E+04, lowest Sp = 0.0, # matched peptides = 7339
 # amino acids = 29002950, # proteins = 70861, TAIR10_pep_20101214_FR_CP_BSA.fasta
 ion series ABCXYZ nl: 010010 1
 display top 3,  PPM MH+ISOTOPE1
 (M* +15.994915) (NQ# +0.984016) +nt=229.162932 C=160.030649 K=357.257895 Enzyme:Trypsin (1)

  #   Rank/Sp    (M+H)+   deltCn   Xcorr   Expect   Ions  Reference        Peptide
 ---  -------  ---------  ------  ------   ------   ----  ---------        -------
  1.   1 /  1  3335.7340  0.0000  0.5171   1.4347   2/84  REV_AT3G02960.1  R.LCHSVQSACGECHMYVKLVIEK.C
  2.   2 /  7  3335.7824  0.1499  0.4396   5.0768   1/108 AT1G32080.1      K.VASDPGAGDILMGFLGSVILSFAFSMFK.Q
  3.   3 /  2  3333.7652  0.2487  0.3885  11.6780   2/100 AT3G14440.1      R.LLAMSEDDLPYQ#VQITPN#GDLKTVGR.F

a=-0.707999 b=3.817749 0-5
HIST:	0.0	7339	3.866	3.818	999.000
HIST:	0.1	1284	3.109	3.110	999.000
HIST:	0.2	311	2.493	2.402	252.203
HIST:	0.3	55	1.740	1.694	49.403
HIST:	0.4	12	1.079	0.986	9.677
HIST:	0.5	1	0.000	0.278	1.896

