
 test.18567.18567.3.out
 Comet version 2015.02 rev. 3
 (c) University of Washington
 09/24/2017, 08:14:52 PM, 13 sec. on samson
 (M+H)+ mass = 3172.555271 ~ 0.031726 (+3), fragment tol = 0.0300, binoffset = 0.000, MONO/MONO
 total inten = 2.72E+04, lowest Sp = 0.0, # matched peptides = 7271
 # amino acids = 29002950, # proteins = 70861, TAIR10_pep_20101214_FR_CP_BSA.fasta
 ion series ABCXYZ nl: 010010 1
 display top 3,  PPM MH+ISOTOPE1
 (M* +15.994915) (NQ# +0.984016) +nt=229.162932 C=160.030649 K=357.257895 Enzyme:Trypsin (1)

  #   Rank/Sp    (M+H)+   deltCn   Xcorr   Expect   Ions  Reference           Peptide
 ---  -------  ---------  ------  ------   ------   ----  ---------           -------
  1.   1 /  1  3169.5651  0.0000  0.6504   0.8084   2/92  REV_AT4G31390.1 +1  R.TFDN#AM*EGYDEN#VAHVVADILIQ#K.N
  2.   2 / 13  3169.5335  0.1798  0.5335   4.3662   1/92  REV_AT5G66110.1     -.MITCANPNDDSFASTYKVEFSSAR.A
  3.   3 / 19  3170.5765  0.2061  0.5164   5.5872   1/100 REV_AT3G12915.1 +1  K.EPYVQ#VDGLLPDEHTAM*IVN#AN#EIVR.Q

a=-0.626420 b=3.981807 0-5
HIST:	0.0	7269	3.861	3.982	999.000
HIST:	0.1	1886	3.276	3.355	999.000
HIST:	0.2	835	2.922	2.729	535.757
HIST:	0.3	155	2.190	2.103	126.633
HIST:	0.4	44	1.643	1.476	29.931
HIST:	0.5	4	0.602	0.850	7.075
HIST:	0.7	2	0.301	-0.403	0.395

