
 test.18578.18578.3.out
 Comet version 2015.02 rev. 3
 (c) University of Washington
 09/24/2017, 08:14:52 PM, 13 sec. on samson
 (M+H)+ mass = 3743.845447 ~ 0.037438 (+3), fragment tol = 0.0300, binoffset = 0.000, MONO/MONO
 total inten = 2.72E+04, lowest Sp = 0.0, # matched peptides = 9357
 # amino acids = 29002950, # proteins = 70861, TAIR10_pep_20101214_FR_CP_BSA.fasta
 ion series ABCXYZ nl: 010010 1
 display top 3,  PPM MH+ISOTOPE1
 (M* +15.994915) (NQ# +0.984016) +nt=229.162932 C=160.030649 K=357.257895 Enzyme:Trypsin (1)

  #   Rank/Sp    (M+H)+   deltCn   Xcorr   Expect   Ions  Reference        Peptide
 ---  -------  ---------  ------  ------   ------   ----  ---------        -------
  1.   1 /  1  3742.8344  0.0000  0.6137   1.3415   3/120 AT3G04880.1      K.SPCPASGSEPWSSVISSFLDNSLSEMSQIGK.S
  2.   2 / 10  3740.8017  0.1341  0.5314   4.3753   2/124 REV_AT5G57580.1  K.Q#SDTLSDASFYQ#DGSILGSLEYINNFVVGVN#R.S
  3.   3 / 10  3740.8017  0.1399  0.5279   4.6053   2/124 REV_AT5G57580.1  K.Q#SDTLSDASFYQ#DGSILGSLEYINN#FVVGVNR.S

a=-0.623875 b=3.956546 0-6
HIST:	0.0	9357	3.971	3.957	999.000
HIST:	0.1	1778	3.250	3.333	999.000
HIST:	0.2	785	2.895	2.709	511.442
HIST:	0.3	114	2.057	2.085	121.596
HIST:	0.4	44	1.643	1.461	28.910
HIST:	0.5	6	0.778	0.837	6.873
HIST:	0.6	1	0.000	0.213	1.634

