
 test.18535.18535.2.out
 Comet version 2015.02 rev. 3
 (c) University of Washington
 09/24/2017, 08:14:52 PM, 13 sec. on samson
 (M+H)+ mass = 1997.044970 ~ 0.019970 (+2), fragment tol = 0.0300, binoffset = 0.000, MONO/MONO
 total inten = 2.27E+04, lowest Sp = 0.0, # matched peptides = 5436
 # amino acids = 29002950, # proteins = 70861, TAIR10_pep_20101214_FR_CP_BSA.fasta
 ion series ABCXYZ nl: 010010 1
 display top 3,  PPM MH+ISOTOPE1
 (M* +15.994915) (NQ# +0.984016) +nt=229.162932 C=160.030649 K=357.257895 Enzyme:Trypsin (1)

  #   Rank/Sp    (M+H)+   deltCn   Xcorr   Expect   Ions  Reference    Peptide
 ---  -------  ---------  ------  ------   ------   ----  ---------    -------
  1.   1 /  4  1994.0417  0.0000  0.2477  16.2260   1/24  AT2G34710.1  K.QVSN#LVYENGHM*K.H
  2.   2 /  4  1994.0417  0.0135  0.2444  17.4346   1/24  AT2G34710.1  K.QVSNLVYEN#GHM*K.H
  3.   3 /  4  1995.0258  0.0148  0.2440  17.5553   1/24  AT2G34710.1  K.QVSN#LVYEN#GHM*K.H

a=-0.935978 b=3.528505 0-2
HIST:	0.0	5436	3.735	3.529	999.000
HIST:	0.1	151	2.179	2.593	391.315
HIST:	0.2	73	1.863	1.657	45.347

