
 test.18586.18586.3.out
 Comet version 2015.02 rev. 3
 (c) University of Washington
 09/24/2017, 08:14:52 PM, 13 sec. on samson
 (M+H)+ mass = 3068.746189 ~ 0.030687 (+3), fragment tol = 0.0300, binoffset = 0.000, MONO/MONO
 total inten = 2.54E+05, lowest Sp = 0.0, # matched peptides = 2232
 # amino acids = 29002950, # proteins = 70861, TAIR10_pep_20101214_FR_CP_BSA.fasta
 ion series ABCXYZ nl: 010010 1
 display top 3,  PPM MH+ISOTOPE1
 (M* +15.994915) (NQ# +0.984016) +nt=229.162932 C=160.030649 K=357.257895 Enzyme:Trypsin (1)

  #   Rank/Sp    (M+H)+   deltCn   Xcorr   Expect   Ions  Reference           Peptide
 ---  -------  ---------  ------  ------   ------   ----  ---------           -------
  1.   1 / 12  3068.7698  0.0000  0.5328   3.8888   2/88  REV_AT4G11280.1     R.DLTTGLPN#SPN#TVLLGKVPIN#SK.R
  2.   2 /  1  3066.7100  0.0557  0.5032   5.6282   3/88  AT5G15500.1     +1  K.INVNIENKNGLTVFDIAVLHN#NR.E
  3.   3 /  1  3066.7100  0.0563  0.5029   5.6497   3/88  AT5G15500.1     +1  K.INVNIENKNGLTVFDIAVLHNN#R.E

a=-0.540888 b=3.471929 0-5
HIST:	0.0	3000	3.477	3.472	999.000
HIST:	0.1	785	2.895	2.931	853.180
HIST:	0.2	289	2.461	2.390	245.557
HIST:	0.3	64	1.806	1.849	70.675
HIST:	0.4	20	1.301	1.308	20.341
HIST:	0.5	6	0.778	0.767	5.854

