
 test.18618.18618.3.out
 Comet version 2015.02 rev. 3
 (c) University of Washington
 09/24/2017, 08:14:52 PM, 13 sec. on samson
 (M+H)+ mass = 2570.338047 ~ 0.025703 (+3), fragment tol = 0.0300, binoffset = 0.000, MONO/MONO
 total inten = 6.91E+04, lowest Sp = 0.0, # matched peptides = 6905
 # amino acids = 29002950, # proteins = 70861, TAIR10_pep_20101214_FR_CP_BSA.fasta
 ion series ABCXYZ nl: 010010 1
 display top 3,  PPM MH+ISOTOPE1
 (M* +15.994915) (NQ# +0.984016) +nt=229.162932 C=160.030649 K=357.257895 Enzyme:Trypsin (1)

  #   Rank/Sp    (M+H)+   deltCn   Xcorr   Expect   Ions  Reference        Peptide
 ---  -------  ---------  ------  ------   ------   ----  ---------        -------
  1.   1 /  5  2570.3562  0.0000  0.7872   4.2288   3/60  AT1G49750.1      K.Q#TCPNSKSLFTVPCDK.N
  2.   2 /  5  2570.3562  0.0637  0.7370   7.0620   3/60  AT1G49750.1      K.QTCPN#SKSLFTVPCDK.N
  3.   3 /  3  2571.3264  0.0903  0.7161   8.7501   3/72  REV_AT1G58410.1  R.SGDTIIQQ#VGFSQ#M*DQ#IVK.S

a=-0.444310 b=4.123654 0-8
HIST:	0.0	6905	3.839	4.124	999.000
HIST:	0.1	4672	3.670	3.679	999.000
HIST:	0.2	4099	3.613	3.235	999.000
HIST:	0.3	1096	3.040	2.791	617.623
HIST:	0.4	355	2.550	2.346	222.031
HIST:	0.5	118	2.072	1.902	79.818
HIST:	0.6	24	1.380	1.458	28.694
HIST:	0.7	9	0.954	1.013	10.315
HIST:	0.8	1	0.000	0.569	3.708

