
 test.18555.18555.3.out
 Comet version 2015.02 rev. 3
 (c) University of Washington
 09/24/2017, 08:14:52 PM, 13 sec. on samson
 (M+H)+ mass = 2984.692356 ~ 0.029847 (+3), fragment tol = 0.0300, binoffset = 0.000, MONO/MONO
 total inten = 3.80E+04, lowest Sp = 0.0, # matched peptides = 2796
 # amino acids = 29002950, # proteins = 70861, TAIR10_pep_20101214_FR_CP_BSA.fasta
 ion series ABCXYZ nl: 010010 1
 display top 3,  PPM MH+ISOTOPE1
 (M* +15.994915) (NQ# +0.984016) +nt=229.162932 C=160.030649 K=357.257895 Enzyme:Trypsin (1)

  #   Rank/Sp    (M+H)+   deltCn   Xcorr   Expect   Ions  Reference        Peptide
 ---  -------  ---------  ------  ------   ------   ----  ---------        -------
  1.   1 /  1  2984.6816  0.0000  1.0819   0.0026   5/88  AT1G78570.1      K.VVNIPNSMTVLDELLPISIEMAK.R
  2.   2 /  5  2982.6561  0.5317  0.5066   4.5687   2/80  REV_AT1G29270.1  K.LM*AIYLLAERIVM*SQEHISFK.F
  3.   3 /  4  2982.6997  0.5575  0.4787   6.5721   2/88  AT1G60630.1      K.LQALLTIATACVAVKPEN#RPAMR.E

a=-0.565532 b=3.524881 0-5
HIST:	0.0	2999	3.477	3.525	999.000
HIST:	0.1	726	2.861	2.959	910.645
HIST:	0.2	344	2.537	2.394	247.638
HIST:	0.3	86	1.934	1.828	67.342
HIST:	0.4	18	1.255	1.263	18.313
HIST:	0.5	4	0.602	0.697	4.980
HIST:	1.1	1	0.000	-2.696	0.002

