
 test.18709.18709.2.out
 Comet version 2015.02 rev. 3
 (c) University of Washington
 09/24/2017, 08:14:52 PM, 13 sec. on samson
 (M+H)+ mass = 2409.275927 ~ 0.024093 (+2), fragment tol = 0.0300, binoffset = 0.000, MONO/MONO
 total inten = 1.07E+05, lowest Sp = 0.0, # matched peptides = 6617
 # amino acids = 29002950, # proteins = 70861, TAIR10_pep_20101214_FR_CP_BSA.fasta
 ion series ABCXYZ nl: 010010 1
 display top 3,  PPM MH+ISOTOPE1
 (M* +15.994915) (NQ# +0.984016) +nt=229.162932 C=160.030649 K=357.257895 Enzyme:Trypsin (1)

  #   Rank/Sp    (M+H)+   deltCn   Xcorr   Expect   Ions  Reference    Peptide
 ---  -------  ---------  ------  ------   ------   ----  ---------    -------
  1.   1 /  2  2409.2905  0.0000  0.6829  12.8503   3/30  AT4G25810.1  K.ASGSGFQ#SKN#EYLFGK.I
  2.   2 /  2  2410.2697  0.0321  0.6609  16.0239   3/30  AT4G13570.1  R.M*IM*VEGEMFQ#VARIHK.Q
  3.   3 /  2  2409.2857  0.0325  0.6607  16.0690   3/30  AT4G13570.1  R.M*IM*VEGEMFQVARIHK.Q

a=-0.437382 b=4.095609 0-7
HIST:	0.0	6617	3.821	4.096	999.000
HIST:	0.1	4226	3.626	3.658	999.000
HIST:	0.2	3901	3.591	3.221	999.000
HIST:	0.3	866	2.938	2.783	607.384
HIST:	0.4	202	2.305	2.346	221.861
HIST:	0.5	80	1.903	1.909	81.040
HIST:	0.6	18	1.255	1.471	29.602
HIST:	0.7	12	1.079	1.034	10.813

