
 test.18642.18642.3.out
 Comet version 2015.02 rev. 3
 (c) University of Washington
 09/24/2017, 08:14:52 PM, 13 sec. on samson
 (M+H)+ mass = 2246.286411 ~ 0.022463 (+3), fragment tol = 0.0300, binoffset = 0.000, MONO/MONO
 total inten = 2.37E+05, lowest Sp = 0.0, # matched peptides = 3843
 # amino acids = 29002950, # proteins = 70861, TAIR10_pep_20101214_FR_CP_BSA.fasta
 ion series ABCXYZ nl: 010010 1
 display top 3,  PPM MH+ISOTOPE1
 (M* +15.994915) (NQ# +0.984016) +nt=229.162932 C=160.030649 K=357.257895 Enzyme:Trypsin (1)

  #   Rank/Sp    (M+H)+   deltCn   Xcorr   Expect   Ions  Reference        Peptide
 ---  -------  ---------  ------  ------   ------   ----  ---------        -------
  1.   1 /  1  2246.2718  0.0000  3.4676 1.12e-07  19/60  AT3G06860.1      R.DVDMVIEAVIENISLK.Q
  2.   2 /  2  2244.2851  0.6527  1.2044   1.6597   7/60  AT5G47790.1      R.LTKDTPVELEVGQ#SLR.F
  3.   3 /  3  2246.3017  0.6878  1.0827   4.0353   7/56  REV_AT1G21940.1  K.RM*QELEVVM*PAVIIK.L

a=-0.316858 b=4.036404 0-12
HIST:	0.0	3842	3.585	4.036	999.000
HIST:	0.1	3395	3.531	3.720	999.000
HIST:	0.2	2908	3.464	3.403	999.000
HIST:	0.3	2264	3.355	3.086	999.000
HIST:	0.4	1128	3.052	2.769	587.449
HIST:	0.5	544	2.736	2.452	283.212
HIST:	0.6	215	2.332	2.135	136.538
HIST:	0.7	93	1.968	1.818	65.826
HIST:	0.8	34	1.531	1.502	31.735
HIST:	0.9	20	1.301	1.185	15.300
HIST:	1.0	4	0.602	0.868	7.376
HIST:	1.1	2	0.301	0.551	3.556
HIST:	1.2	1	0.000	0.234	1.714
HIST:	3.5	1	0.000	-7.054	0.000

