
 test.18699.18699.4.out
 Comet version 2015.02 rev. 3
 (c) University of Washington
 09/24/2017, 08:14:52 PM, 13 sec. on samson
 (M+H)+ mass = 3623.938171 ~ 0.036239 (+4), fragment tol = 0.0300, binoffset = 0.000, MONO/MONO
 total inten = 1.47E+05, lowest Sp = 0.0, # matched peptides = 6495
 # amino acids = 29002950, # proteins = 70861, TAIR10_pep_20101214_FR_CP_BSA.fasta
 ion series ABCXYZ nl: 010010 1
 display top 3,  PPM MH+ISOTOPE1
 (M* +15.994915) (NQ# +0.984016) +nt=229.162932 C=160.030649 K=357.257895 Enzyme:Trypsin (1)

  #   Rank/Sp    (M+H)+   deltCn   Xcorr   Expect   Ions  Reference       Peptide
 ---  -------  ---------  ------  ------   ------   ----  ---------       -------
  1.   1 /  1  3621.9287  0.0000  4.4348 4.24e-07  26/186 AT2G42600.2 +1  K.VISELPSDSFGAYIISMATAPSDVLAVELLQR.E
  2.   2 /  2  3622.9127  0.0600  4.1688 1.80e-06  21/186 AT2G42600.2 +1  K.VISELPSDSFGAYIISMATAPSDVLAVELLQ#R.E
  3.   3 /  3  3621.9376  0.6963  1.3466   8.1810   7/162 AT5G35630.1 +2  R.VLALQSDNSTVN#RVETLLN#LDTKPYSDR.I

a=-0.235908 b=4.089630 0-13
HIST:	0.0	6491	3.812	4.090	999.000
HIST:	0.1	5288	3.723	3.854	999.000
HIST:	0.2	4123	3.615	3.618	999.000
HIST:	0.3	3034	3.482	3.382	999.000
HIST:	0.4	1933	3.286	3.146	999.000
HIST:	0.5	1158	3.064	2.910	812.995
HIST:	0.6	668	2.825	2.674	472.258
HIST:	0.7	323	2.509	2.438	274.329
HIST:	0.8	159	2.201	2.202	159.354
HIST:	0.9	94	1.973	1.966	92.567
HIST:	1.0	61	1.785	1.731	53.771
HIST:	1.1	36	1.556	1.495	31.235
HIST:	1.2	15	1.176	1.259	18.144
HIST:	1.3	6	0.778	1.023	10.540
HIST:	4.2	2	0.301	-5.819	0.000
HIST:	4.4	2	0.301	-6.290	0.000

