
 test.18692.18692.3.out
 Comet version 2015.02 rev. 3
 (c) University of Washington
 09/24/2017, 08:14:52 PM, 13 sec. on samson
 (M+H)+ mass = 3269.879490 ~ 0.032699 (+3), fragment tol = 0.0300, binoffset = 0.000, MONO/MONO
 total inten = 1.15E+04, lowest Sp = 0.0, # matched peptides = 1542
 # amino acids = 29002950, # proteins = 70861, TAIR10_pep_20101214_FR_CP_BSA.fasta
 ion series ABCXYZ nl: 010010 1
 display top 3,  PPM MH+ISOTOPE1
 (M* +15.994915) (NQ# +0.984016) +nt=229.162932 C=160.030649 K=357.257895 Enzyme:Trypsin (1)

  #   Rank/Sp    (M+H)+   deltCn   Xcorr   Expect   Ions  Reference        Peptide
 ---  -------  ---------  ------  ------   ------   ----  ---------        -------
  1.   1 /  3  3267.8403  0.0000  0.4824   3.5593   2/100 REV_AT4G02020.1  K.IGIDTKEVQ#LSVGSAAAHPVDSSVAK.S
  2.   2 /  3  3266.8563  0.0007  0.4821   3.5749   2/100 REV_AT4G02020.1  K.IGIDTKEVQLSVGSAAAHPVDSSVAK.S
  3.   3 /  4  3266.8515  0.1303  0.4195   8.4156   2/96  AT5G66930.1      K.LVM*DPGGSIDQFPVLISKNYIFLLL.-

a=-0.594408 b=3.418750 0-5
HIST:	0.0	3000	3.477	3.419	999.000
HIST:	0.1	525	2.720	2.824	667.332
HIST:	0.2	211	2.324	2.230	169.798
HIST:	0.3	36	1.556	1.636	43.204
HIST:	0.4	11	1.041	1.041	10.993
HIST:	0.5	3	0.477	0.447	2.797

