
 test.18570.18570.3.out
 Comet version 2015.02 rev. 3
 (c) University of Washington
 09/24/2017, 08:14:52 PM, 13 sec. on samson
 (M+H)+ mass = 2361.355447 ~ 0.023614 (+3), fragment tol = 0.0300, binoffset = 0.000, MONO/MONO
 total inten = 6.50E+04, lowest Sp = 0.0, # matched peptides = 3962
 # amino acids = 29002950, # proteins = 70861, TAIR10_pep_20101214_FR_CP_BSA.fasta
 ion series ABCXYZ nl: 010010 1
 display top 3,  PPM MH+ISOTOPE1
 (M* +15.994915) (NQ# +0.984016) +nt=229.162932 C=160.030649 K=357.257895 Enzyme:Trypsin (1)

  #   Rank/Sp    (M+H)+   deltCn   Xcorr   Expect   Ions  Reference           Peptide
 ---  -------  ---------  ------  ------   ------   ----  ---------           -------
  1.   1 /  1  2360.3365  0.0000  3.5912 1.61e-06  19/64  AT4G31880.1     +1  K.LIDPPSSLDELLSFLDK.L
  2.   2 /  5  2362.3625  0.6564  1.2339   4.1443   6/52  AT2G25220.1     +1  R.TSIQKGYVQ#FFDIK.T
  3.   3 /  7  2358.3380  0.6601  1.2206   4.5021   6/52  REV_AT4G38300.1     R.VLNM*MKDALTYN#LK.G

a=-0.271898 b=3.972311 0-12
HIST:	0.0	3960	3.598	3.972	999.000
HIST:	0.1	3534	3.548	3.700	999.000
HIST:	0.2	3206	3.506	3.429	999.000
HIST:	0.3	2165	3.335	3.157	999.000
HIST:	0.4	1264	3.102	2.885	766.863
HIST:	0.5	585	2.767	2.613	410.033
HIST:	0.6	339	2.530	2.341	219.241
HIST:	0.7	136	2.134	2.069	117.226
HIST:	0.8	60	1.778	1.797	62.679
HIST:	0.9	27	1.431	1.525	33.514
HIST:	1.0	18	1.255	1.253	17.920
HIST:	1.1	7	0.845	0.981	9.581
HIST:	1.2	4	0.602	0.710	5.123
HIST:	3.6	2	0.301	-5.816	0.000

