
 test.18651.18651.2.out
 Comet version 2015.02 rev. 3
 (c) University of Washington
 09/24/2017, 08:14:52 PM, 13 sec. on samson
 (M+H)+ mass = 1928.142016 ~ 0.019281 (+2), fragment tol = 0.0300, binoffset = 0.000, MONO/MONO
 total inten = 3.81E+04, lowest Sp = 0.0, # matched peptides = 2773
 # amino acids = 29002950, # proteins = 70861, TAIR10_pep_20101214_FR_CP_BSA.fasta
 ion series ABCXYZ nl: 010010 1
 display top 3,  PPM MH+ISOTOPE1
 (M* +15.994915) (NQ# +0.984016) +nt=229.162932 C=160.030649 K=357.257895 Enzyme:Trypsin (1)

  #   Rank/Sp    (M+H)+   deltCn   Xcorr   Expect   Ions  Reference           Peptide
 ---  -------  ---------  ------  ------   ------   ----  ---------           -------
  1.   1 /  3  1925.1463  0.0000  0.2363  21.4654   1/18  AT4G12960.1     +1  K.WKLQVSYAN#K.A
  2.   1 /  3  1926.1304  0.0000  0.2363  21.4654   1/18  AT4G12960.1     +1  K.WKLQ#VSYAN#K.A
  3.   2 /  6  1926.1263  0.0066  0.2347  22.1294   1/20  REV_AT3G54350.1 +2  K.KQAQLSYGESK.E

a=-0.842292 b=3.322169 0-2
HIST:	0.0	2999	3.477	3.322	999.000
HIST:	0.1	148	2.170	2.480	301.909
HIST:	0.2	62	1.792	1.638	43.409
HIST:	0.4	1	0.000	-0.047	0.897

