
 test.18663.18663.3.out
 Comet version 2015.02 rev. 3
 (c) University of Washington
 09/24/2017, 08:14:52 PM, 13 sec. on samson
 (M+H)+ mass = 2356.319798 ~ 0.023563 (+3), fragment tol = 0.0300, binoffset = 0.000, MONO/MONO
 total inten = 1.70E+05, lowest Sp = 0.0, # matched peptides = 4541
 # amino acids = 29002950, # proteins = 70861, TAIR10_pep_20101214_FR_CP_BSA.fasta
 ion series ABCXYZ nl: 010010 1
 display top 3,  PPM MH+ISOTOPE1
 (M* +15.994915) (NQ# +0.984016) +nt=229.162932 C=160.030649 K=357.257895 Enzyme:Trypsin (1)

  #   Rank/Sp    (M+H)+   deltCn   Xcorr   Expect   Ions  Reference           Peptide
 ---  -------  ---------  ------  ------   ------   ----  ---------           -------
  1.   1 /  1  2356.3052  0.0000  3.0650 5.82e-06  18/64  AT2G34470.1     +1  R.ELADYIIYIIDVSAGDK.I
  2.   2 /  2  2356.3139  0.5143  1.4887   0.3660   8/60  REV_AT1G46912.1     K.LWAIYYLVGNICIGN#K.D
  3.   3 / 12  2357.3191  0.6731  1.0020  11.0931   5/64  AT4G11470.1     +1  K.SDVYSFGVLILEIVCGK.K

a=-0.304410 b=4.095258 0-10
HIST:	0.0	4538	3.657	4.095	999.000
HIST:	0.1	3955	3.597	3.791	999.000
HIST:	0.2	3527	3.547	3.486	999.000
HIST:	0.3	2787	3.445	3.182	999.000
HIST:	0.4	1407	3.148	2.878	754.432
HIST:	0.5	604	2.781	2.573	374.292
HIST:	0.6	275	2.439	2.269	185.695
HIST:	0.7	126	2.100	1.964	92.128
HIST:	0.8	54	1.732	1.660	45.707
HIST:	0.9	18	1.255	1.356	22.676
HIST:	1.0	4	0.602	1.051	11.250
HIST:	1.5	1	0.000	-0.471	0.338
HIST:	3.1	2	0.301	-5.341	0.000

