
 test.18538.18538.2.out
 Comet version 2015.02 rev. 3
 (c) University of Washington
 09/24/2017, 08:14:52 PM, 13 sec. on samson
 (M+H)+ mass = 2099.995897 ~ 0.021000 (+2), fragment tol = 0.0300, binoffset = 0.000, MONO/MONO
 total inten = 2.35E+04, lowest Sp = 0.0, # matched peptides = 2343
 # amino acids = 29002950, # proteins = 70861, TAIR10_pep_20101214_FR_CP_BSA.fasta
 ion series ABCXYZ nl: 010010 1
 display top 3,  PPM MH+ISOTOPE1
 (M* +15.994915) (NQ# +0.984016) +nt=229.162932 C=160.030649 K=357.257895 Enzyme:Trypsin (1)

  #   Rank/Sp    (M+H)+   deltCn   Xcorr   Expect   Ions  Reference       Peptide
 ---  -------  ---------  ------  ------   ------   ----  ---------       -------
  1.   1 /  2  2098.9953  0.0000  0.4033   4.9733   2/32  AT3G59430.1 +2  R.N#GN#DGLIDFTSAPPYMR.K
  2.   2 / 15  2096.9756  0.1074  0.3600   9.5067   1/32  AT1G56080.1     R.M*WSSTSQQ#SSVAN#SPPR.S
  3.   2 / 15  2096.9756  0.1074  0.3600   9.5067   1/32  AT1G56080.1     R.M*WSSTSQ#QSSVAN#SPPR.S

a=-0.649783 b=3.317086 0-4
HIST:	0.0	3000	3.477	3.317	999.000
HIST:	0.1	358	2.554	2.667	464.840
HIST:	0.2	89	1.949	2.018	104.117
HIST:	0.3	16	1.204	1.368	23.321
HIST:	0.4	8	0.903	0.718	5.223

