
 test.18648.18648.3.out
 Comet version 2015.02 rev. 3
 (c) University of Washington
 09/24/2017, 08:14:52 PM, 13 sec. on samson
 (M+H)+ mass = 2106.287449 ~ 0.021063 (+3), fragment tol = 0.0300, binoffset = 0.000, MONO/MONO
 total inten = 2.35E+04, lowest Sp = 0.0, # matched peptides = 1517
 # amino acids = 29002950, # proteins = 70861, TAIR10_pep_20101214_FR_CP_BSA.fasta
 ion series ABCXYZ nl: 010010 1
 display top 3,  PPM MH+ISOTOPE1
 (M* +15.994915) (NQ# +0.984016) +nt=229.162932 C=160.030649 K=357.257895 Enzyme:Trypsin (1)

  #   Rank/Sp    (M+H)+   deltCn   Xcorr   Expect   Ions  Reference        Peptide
 ---  -------  ---------  ------  ------   ------   ----  ---------        -------
  1.   1 /  3  2106.3012  0.0000  0.5960   3.5899   2/56  REV_AT3G24320.1  K.SIVLLMSAFVLVN#IK.T
  2.   2 /  8  2105.2937  0.1652  0.4976  11.9585   3/48  REV_AT3G10740.1  K.IWKSVDSASAIIK.E
  3.   3 / 19  2107.2800  0.2182  0.4660  17.5912   2/64  AT4G08760.1      R.LADPIRLTIGLADLIQR.S

a=-0.530773 b=3.718671 0-6
HIST:	0.0	3000	3.477	3.719	999.000
HIST:	0.1	1702	3.231	3.188	999.000
HIST:	0.2	567	2.754	2.657	454.072
HIST:	0.3	191	2.281	2.126	133.768
HIST:	0.4	63	1.799	1.596	39.407
HIST:	0.5	11	1.041	1.065	11.609
HIST:	0.6	2	0.301	0.534	3.420

