
 test.18643.18643.3.out
 Comet version 2015.02 rev. 3
 (c) University of Washington
 09/24/2017, 08:14:52 PM, 13 sec. on samson
 (M+H)+ mass = 2780.433628 ~ 0.027804 (+3), fragment tol = 0.0300, binoffset = 0.000, MONO/MONO
 total inten = 6.61E+03, lowest Sp = 0.0, # matched peptides = 8019
 # amino acids = 29002950, # proteins = 70861, TAIR10_pep_20101214_FR_CP_BSA.fasta
 ion series ABCXYZ nl: 010010 1
 display top 3,  PPM MH+ISOTOPE1
 (M* +15.994915) (NQ# +0.984016) +nt=229.162932 C=160.030649 K=357.257895 Enzyme:Trypsin (1)

  #   Rank/Sp    (M+H)+   deltCn   Xcorr   Expect   Ions  Reference        Peptide
 ---  -------  ---------  ------  ------   ------   ----  ---------        -------
  1.   1 /  7  2777.4420  0.0000  0.4361   8.1379   2/92  AT3G54250.1      R.SEGTPQ#VAYTFDAGPNAVLIARNR.K
  2.   2 /  1  2777.4160  0.0319  0.4222  10.1174   2/76  REV_AT3G21720.1  R.DYYNAGSWKQHALTDVGHTR.E
  3.   3 /  3  2777.4045  0.0323  0.4221  10.1418   2/76  REV_AT5G50920.1  R.LGM*FGQ#MRLGSVQLQSCMMK.V

a=-0.679585 b=3.874401 0-4
HIST:	0.0	8019	3.904	3.874	999.000
HIST:	0.1	1199	3.079	3.195	999.000
HIST:	0.2	413	2.616	2.515	327.515
HIST:	0.3	73	1.863	1.836	68.493
HIST:	0.4	13	1.114	1.156	14.324

