
 test.18532.18532.3.out
 Comet version 2015.02 rev. 3
 (c) University of Washington
 09/24/2017, 08:14:52 PM, 13 sec. on samson
 (M+H)+ mass = 3543.025447 ~ 0.035430 (+3), fragment tol = 0.0300, binoffset = 0.000, MONO/MONO
 total inten = 9.17E+04, lowest Sp = 0.0, # matched peptides = 1374
 # amino acids = 29002950, # proteins = 70861, TAIR10_pep_20101214_FR_CP_BSA.fasta
 ion series ABCXYZ nl: 010010 1
 display top 3,  PPM MH+ISOTOPE1
 (M* +15.994915) (NQ# +0.984016) +nt=229.162932 C=160.030649 K=357.257895 Enzyme:Trypsin (1)

  #   Rank/Sp    (M+H)+   deltCn   Xcorr   Expect   Ions  Reference       Peptide
 ---  -------  ---------  ------  ------   ------   ----  ---------       -------
  1.   1 /  1  3542.0133  0.0000  2.4021   0.0001  10/116 AT3G19170.1 +1  K.ILLESGLGEALVSSGLSDELLQPQFGIGLK.G
  2.   1 /  1  3542.9973  0.0000  2.4021   0.0001  10/116 AT3G19170.1 +1  K.ILLESGLGEALVSSGLSDELLQ#PQFGIGLK.G
  3.   2 /  1  3542.9973  0.0131  2.3707   0.0002  10/116 AT3G19170.1 +1  K.ILLESGLGEALVSSGLSDELLQPQ#FGIGLK.G

a=-0.309391 b=3.594072 0-9
HIST:	0.0	2994	3.476	3.594	999.000
HIST:	0.1	1420	3.152	3.285	999.000
HIST:	0.2	1155	3.063	2.975	944.691
HIST:	0.3	527	2.722	2.666	463.339
HIST:	0.4	325	2.512	2.357	227.252
HIST:	0.5	157	2.196	2.047	111.459
HIST:	0.6	47	1.672	1.738	54.667
HIST:	0.7	28	1.447	1.428	26.812
HIST:	0.8	12	1.079	1.119	13.151
HIST:	0.9	5	0.699	0.810	6.450
HIST:	2.4	6	0.778	-3.831	0.000

