
 test.18610.18610.2.out
 Comet version 2015.02 rev. 3
 (c) University of Washington
 09/24/2017, 08:14:52 PM, 13 sec. on samson
 (M+H)+ mass = 1711.976854 ~ 0.017120 (+2), fragment tol = 0.0300, binoffset = 0.000, MONO/MONO
 total inten = 3.37E+04, lowest Sp = 0.0, # matched peptides = 4472
 # amino acids = 29002950, # proteins = 70861, TAIR10_pep_20101214_FR_CP_BSA.fasta
 ion series ABCXYZ nl: 010010 1
 display top 3,  PPM MH+ISOTOPE1
 (M* +15.994915) (NQ# +0.984016) +nt=229.162932 C=160.030649 K=357.257895 Enzyme:Trypsin (1)

  #   Rank/Sp    (M+H)+   deltCn   Xcorr   Expect   Ions  Reference           Peptide
 ---  -------  ---------  ------  ------   ------   ----  ---------           -------
  1.   1 /  1  1709.9726  0.0000  0.7654  13.0355   3/20  AT2G36370.1         K.FADQ#SIELVTK.L
  2.   2 / 14  1708.9555  0.0092  0.7583  13.8484   2/20  REV_AT4G36480.1 +1  K.ELASTCSELLK.E
  3.   3 /  2  1709.9694  0.1519  0.6491  35.2099   3/18  REV_AT1G05620.1 +1  -.SEM*LRDMILK.V

a=-0.371264 b=3.956640 0-6
HIST:	0.0	4469	3.650	3.957	999.000
HIST:	0.1	3284	3.516	3.585	999.000
HIST:	0.2	2917	3.465	3.214	999.000
HIST:	0.3	1258	3.100	2.843	696.382
HIST:	0.4	462	2.665	2.472	296.199
HIST:	0.5	133	2.124	2.100	125.985
HIST:	0.6	24	1.380	1.729	53.587
HIST:	0.8	3	0.477	0.987	9.695

