
 test.18614.18614.2.out
 Comet version 2015.02 rev. 3
 (c) University of Washington
 09/24/2017, 08:14:52 PM, 13 sec. on samson
 (M+H)+ mass = 1759.954393 ~ 0.017600 (+2), fragment tol = 0.0300, binoffset = 0.000, MONO/MONO
 total inten = 3.00E+03, lowest Sp = 0.0, # matched peptides = 4467
 # amino acids = 29002950, # proteins = 70861, TAIR10_pep_20101214_FR_CP_BSA.fasta
 ion series ABCXYZ nl: 010010 1
 display top 3,  PPM MH+ISOTOPE1
 (M* +15.994915) (NQ# +0.984016) +nt=229.162932 C=160.030649 K=357.257895 Enzyme:Trypsin (1)

  #   Rank/Sp    (M+H)+   deltCn   Xcorr   Expect   Ions  Reference           Peptide
 ---  -------  ---------  ------  ------   ------   ----  ---------           -------
  1.   1 /  1  1756.9490  0.0000  0.3708   0.5633   1/20  REV_AT5G12260.1     K.KPQ#AFVM*AM*SR.L
  2.   2 /  6  1759.9590  0.3303  0.2483   9.4128   1/26  AT5G14270.1     +1  K.AEAQAAAEAAAEAK.R
  3.   2 /  6  1760.9431  0.3303  0.2483   9.4128   1/26  AT5G14270.1     +1  K.AEAQ#AAAEAAAEAK.R

a=-0.998353 b=3.452963 0-2
HIST:	0.0	4466	3.650	3.453	999.000
HIST:	0.1	115	2.061	2.455	284.846
HIST:	0.2	45	1.653	1.456	28.593
HIST:	0.4	1	0.000	-0.540	0.288

