
 test.18631.18631.3.out
 Comet version 2015.02 rev. 3
 (c) University of Washington
 09/24/2017, 08:14:52 PM, 13 sec. on samson
 (M+H)+ mass = 3039.600559 ~ 0.030396 (+3), fragment tol = 0.0300, binoffset = 0.000, MONO/MONO
 total inten = 2.93E+04, lowest Sp = 0.0, # matched peptides = 7871
 # amino acids = 29002950, # proteins = 70861, TAIR10_pep_20101214_FR_CP_BSA.fasta
 ion series ABCXYZ nl: 010010 1
 display top 3,  PPM MH+ISOTOPE1
 (M* +15.994915) (NQ# +0.984016) +nt=229.162932 C=160.030649 K=357.257895 Enzyme:Trypsin (1)

  #   Rank/Sp    (M+H)+   deltCn   Xcorr   Expect   Ions  Reference        Peptide
 ---  -------  ---------  ------  ------   ------   ----  ---------        -------
  1.   1 /  1  3040.6040  0.0000  0.4291   2.0426   2/108 AT4G25220.1      K.ALLFGSEDEVAASSSSPPASRPPIDVLV.-
  2.   2 /  3  3039.5824  0.1699  0.3562   8.5579   1/80  REV_AT4G31570.1  K.VNEEETSLSKSIDN#ESN#VVEK.R
  3.   3 /  6  3038.5723  0.1941  0.3458  10.4948   1/88  REV_AT1G13480.1  R.LVSFWVVGDGSDERLN#TEQ#GELK.V

a=-0.853477 b=3.972684 0-4
HIST:	0.0	7871	3.896	3.973	999.000
HIST:	0.1	929	2.968	3.119	999.000
HIST:	0.2	347	2.540	2.266	184.387
HIST:	0.3	42	1.623	1.412	25.838
HIST:	0.4	2	0.301	0.559	3.621

