
 test.18556.18556.2.out
 Comet version 2015.02 rev. 3
 (c) University of Washington
 09/24/2017, 08:14:52 PM, 13 sec. on samson
 (M+H)+ mass = 1669.899340 ~ 0.016699 (+2), fragment tol = 0.0300, binoffset = 0.000, MONO/MONO
 total inten = 5.07E+04, lowest Sp = 0.0, # matched peptides = 4450
 # amino acids = 29002950, # proteins = 70861, TAIR10_pep_20101214_FR_CP_BSA.fasta
 ion series ABCXYZ nl: 010010 1
 display top 3,  PPM MH+ISOTOPE1
 (M* +15.994915) (NQ# +0.984016) +nt=229.162932 C=160.030649 K=357.257895 Enzyme:Trypsin (1)

  #   Rank/Sp    (M+H)+   deltCn   Xcorr   Expect   Ions  Reference           Peptide
 ---  -------  ---------  ------  ------   ------   ----  ---------           -------
  1.   1 /  1  1668.8941  0.0000  0.9262   0.3438   4/28  REV_AT3G24495.1     R.AMSGASLSAAIAFSR.L
  2.   2 /  2  1669.8905  0.2206  0.7219   3.2317   3/20  AT3G47930.1     +1  R.SGM*VN#LALM*DK.V
  3.   3 /  2  1668.9065  0.3561  0.5964  12.7999   3/20  AT3G47930.1     +1  R.SGM*VNLALM*DK.V

a=-0.476311 b=3.947771 0-7
HIST:	0.0	4449	3.648	3.948	999.000
HIST:	0.1	2931	3.467	3.471	999.000
HIST:	0.2	1290	3.111	2.995	988.893
HIST:	0.3	518	2.714	2.519	330.247
HIST:	0.4	153	2.185	2.043	110.288
HIST:	0.5	55	1.740	1.566	36.831
HIST:	0.6	12	1.079	1.090	12.300
HIST:	0.7	2	0.301	0.614	4.108
HIST:	0.9	1	0.000	-0.339	0.458

