
 test.18633.18633.3.out
 Comet version 2015.02 rev. 3
 (c) University of Washington
 09/24/2017, 08:14:52 PM, 13 sec. on samson
 (M+H)+ mass = 2605.423069 ~ 0.026054 (+3), fragment tol = 0.0300, binoffset = 0.000, MONO/MONO
 total inten = 1.85E+04, lowest Sp = 0.0, # matched peptides = 6104
 # amino acids = 29002950, # proteins = 70861, TAIR10_pep_20101214_FR_CP_BSA.fasta
 ion series ABCXYZ nl: 010010 1
 display top 3,  PPM MH+ISOTOPE1
 (M* +15.994915) (NQ# +0.984016) +nt=229.162932 C=160.030649 K=357.257895 Enzyme:Trypsin (1)

  #   Rank/Sp    (M+H)+   deltCn   Xcorr   Expect   Ions  Reference       Peptide
 ---  -------  ---------  ------  ------   ------   ----  ---------       -------
  1.   1 /  1  2602.3991  0.0000  0.7567   0.9226   3/64  AT1G71010.1     K.ELVLGIIDFM*RQ#YTWDK.H
  2.   2 /  4  2604.4148  0.2464  0.5703   8.1148   2/72  AT3G16430.1 +1  K.IQ#VAVGGM*GIQYIQFDYVK.N
  3.   3 /  4  2605.3988  0.2483  0.5688   8.2554   2/72  AT3G16430.1 +1  K.IQ#VAVGGM*GIQ#YIQFDYVK.N

a=-0.506423 b=3.797297 0-6
HIST:	0.0	6103	3.786	3.797	999.000
HIST:	0.1	1642	3.215	3.291	999.000
HIST:	0.2	645	2.810	2.784	608.767
HIST:	0.3	226	2.354	2.278	189.683
HIST:	0.4	56	1.748	1.772	59.102
HIST:	0.5	27	1.431	1.265	18.415
HIST:	0.6	4	0.602	0.759	5.738
HIST:	0.8	1	0.000	-0.254	0.557

