
 test.18590.18590.4.out
 Comet version 2015.02 rev. 3
 (c) University of Washington
 09/24/2017, 08:14:52 PM, 13 sec. on samson
 (M+H)+ mass = 3397.884665 ~ 0.033979 (+4), fragment tol = 0.0300, binoffset = 0.000, MONO/MONO
 total inten = 1.36E+05, lowest Sp = 0.0, # matched peptides = 3532
 # amino acids = 29002950, # proteins = 70861, TAIR10_pep_20101214_FR_CP_BSA.fasta
 ion series ABCXYZ nl: 010010 1
 display top 3,  PPM MH+ISOTOPE1
 (M* +15.994915) (NQ# +0.984016) +nt=229.162932 C=160.030649 K=357.257895 Enzyme:Trypsin (1)

  #   Rank/Sp    (M+H)+   deltCn   Xcorr   Expect   Ions  Reference        Peptide
 ---  -------  ---------  ------  ------   ------   ----  ---------        -------
  1.   1 /  1  3397.8733  0.0000  3.8624 1.26e-06  19/150 AT2G36460.1      R.ELLFTTPGALPCLSGVILFEETLYQK.S
  2.   2 /  2  3398.8573  0.3621  2.4639   0.0050  11/150 AT2G36460.1      R.ELLFTTPGALPCLSGVILFEETLYQ#K.S
  3.   3 /  3  3395.8550  0.6372  1.4013   2.6864   7/144 REV_AT2G36810.1  K.Q#LLIGICRHLLAAHDDDPAYLIYQK.A

a=-0.257208 b=4.033545 0-14
HIST:	0.0	3530	3.548	4.034	999.000
HIST:	0.1	3188	3.504	3.776	999.000
HIST:	0.2	2910	3.464	3.519	999.000
HIST:	0.3	2428	3.385	3.262	999.000
HIST:	0.4	1773	3.249	3.005	999.000
HIST:	0.5	1134	3.055	2.748	559.123
HIST:	0.6	684	2.835	2.490	309.243
HIST:	0.7	368	2.566	2.233	171.038
HIST:	0.8	220	2.342	1.976	94.598
HIST:	0.9	82	1.914	1.719	52.321
HIST:	1.0	36	1.556	1.461	28.938
HIST:	1.1	15	1.176	1.204	16.005
HIST:	1.2	4	0.602	0.947	8.852
HIST:	1.3	2	0.301	0.690	4.896
HIST:	1.4	1	0.000	0.433	2.708
HIST:	2.5	1	0.000	-2.397	0.004
HIST:	3.9	1	0.000	-5.998	0.000

