
 test.18656.18656.4.out
 Comet version 2015.02 rev. 3
 (c) University of Washington
 09/24/2017, 08:14:52 PM, 13 sec. on samson
 (M+H)+ mass = 3710.953512 ~ 0.037110 (+4), fragment tol = 0.0300, binoffset = 0.000, MONO/MONO
 total inten = 1.07E+04, lowest Sp = 0.0, # matched peptides = 7811
 # amino acids = 29002950, # proteins = 70861, TAIR10_pep_20101214_FR_CP_BSA.fasta
 ion series ABCXYZ nl: 010010 1
 display top 3,  PPM MH+ISOTOPE1
 (M* +15.994915) (NQ# +0.984016) +nt=229.162932 C=160.030649 K=357.257895 Enzyme:Trypsin (1)

  #   Rank/Sp    (M+H)+   deltCn   Xcorr   Expect   Ions  Reference    Peptide
 ---  -------  ---------  ------  ------   ------   ----  ---------    -------
  1.   1 /  5  3709.9320  0.0000  0.7318   6.1208   3/174 AT1G08590.1  R.ELGGMTSLVFLDLSDNQITGEIPM*EVGELK.N
  2.   2 /  6  3709.9320  0.0121  0.7229   6.7067   3/174 AT1G08590.1  R.ELGGM*TSLVFLDLSDNQITGEIPMEVGELK.N
  3.   3 /  7  3707.9395  0.0772  0.6752  10.9541   3/174 AT3G51650.1  K.MFFPALSGIESPFSITTQ#TKSVLNN#AAGYR.S

a=-0.447242 b=4.059561 0-7
HIST:	0.0	7811	3.893	4.060	999.000
HIST:	0.1	3095	3.491	3.612	999.000
HIST:	0.2	1735	3.239	3.165	999.000
HIST:	0.3	760	2.881	2.718	522.196
HIST:	0.4	306	2.486	2.271	186.462
HIST:	0.5	97	1.987	1.823	66.581
HIST:	0.6	19	1.279	1.376	23.774
HIST:	0.7	5	0.699	0.929	8.489

