
 test.18598.18598.4.out
 Comet version 2015.02 rev. 3
 (c) University of Washington
 09/24/2017, 08:14:52 PM, 13 sec. on samson
 (M+H)+ mass = 3123.658171 ~ 0.031237 (+4), fragment tol = 0.0300, binoffset = 0.000, MONO/MONO
 total inten = 1.95E+05, lowest Sp = 0.0, # matched peptides = 8295
 # amino acids = 29002950, # proteins = 70861, TAIR10_pep_20101214_FR_CP_BSA.fasta
 ion series ABCXYZ nl: 010010 1
 display top 3,  PPM MH+ISOTOPE1
 (M* +15.994915) (NQ# +0.984016) +nt=229.162932 C=160.030649 K=357.257895 Enzyme:Trypsin (1)

  #   Rank/Sp    (M+H)+   deltCn   Xcorr   Expect   Ions  Reference        Peptide
 ---  -------  ---------  ------  ------   ------   ----  ---------        -------
  1.   1 /  2  3122.6258  0.0000  1.2005  13.9092   7/120 AT5G59600.1      K.KTTVTFNSM*IFCYAN#HGLADK.A
  2.   2 /  1  3124.6852  0.0523  1.1377  20.2820   7/144 REV_AT2G41850.1  K.Q#SASLTGFIQ#VTLISN#CPGTLQISK.L
  3.   3 / 11  3124.6899  0.0610  1.1273  21.5981   6/138 AT4G04670.1      K.HTIGIIGGCPVSQNCQELTLLDLK.H

a=-0.261020 b=4.276851 0-12
HIST:	0.0	8295	3.919	4.277	999.000
HIST:	0.1	7551	3.878	4.016	999.000
HIST:	0.2	6590	3.819	3.755	999.000
HIST:	0.3	5137	3.711	3.494	999.000
HIST:	0.4	3576	3.553	3.233	999.000
HIST:	0.5	2233	3.349	2.972	937.023
HIST:	0.6	1223	3.087	2.711	513.725
HIST:	0.7	568	2.754	2.450	281.650
HIST:	0.8	260	2.415	2.189	154.415
HIST:	0.9	129	2.111	1.928	84.658
HIST:	1.0	55	1.740	1.667	46.414
HIST:	1.1	8	0.903	1.406	25.447
HIST:	1.2	1	0.000	1.145	13.951

