
 test.18519.18519.3.out
 Comet version 2015.02 rev. 3
 (c) University of Washington
 09/24/2017, 08:14:52 PM, 13 sec. on samson
 (M+H)+ mass = 2829.501499 ~ 0.028295 (+3), fragment tol = 0.0300, binoffset = 0.000, MONO/MONO
 total inten = 8.81E+04, lowest Sp = 0.0, # matched peptides = 7099
 # amino acids = 29002950, # proteins = 70861, TAIR10_pep_20101214_FR_CP_BSA.fasta
 ion series ABCXYZ nl: 010010 1
 display top 3,  PPM MH+ISOTOPE1
 (M* +15.994915) (NQ# +0.984016) +nt=229.162932 C=160.030649 K=357.257895 Enzyme:Trypsin (1)

  #   Rank/Sp    (M+H)+   deltCn   Xcorr   Expect   Ions  Reference           Peptide
 ---  -------  ---------  ------  ------   ------   ----  ---------           -------
  1.   1 /  2  2829.5196  0.0000  0.4728  12.1310   2/88  REV_AT3G02150.1 +1  K.SPQDVGLREQ#LDYLQ#IATPVSLR.V
  2.   2 /  2  2829.5196  0.0064  0.4698  12.6424   2/88  REV_AT3G02150.1 +1  K.SPQ#DVGLREQLDYLQ#IATPVSLR.V
  3.   3 /  1  2829.4891  0.0111  0.4676  13.0313   2/80  REV_AT1G32330.1     R.SLDLTEPSLLGMQQTLNDMHK.T

a=-0.592297 b=3.884542 0-5
HIST:	0.0	7099	3.851	3.885	999.000
HIST:	0.1	1682	3.226	3.292	999.000
HIST:	0.2	969	2.986	2.700	501.128
HIST:	0.3	88	1.944	2.108	128.130
HIST:	0.4	26	1.415	1.515	32.761
HIST:	0.5	10	1.000	0.923	8.376

