
 test.18649.18649.4.out
 Comet version 2015.02 rev. 3
 (c) University of Washington
 09/24/2017, 08:14:52 PM, 13 sec. on samson
 (M+H)+ mass = 3012.570700 ~ 0.030126 (+4), fragment tol = 0.0300, binoffset = 0.000, MONO/MONO
 total inten = 9.88E+03, lowest Sp = 0.0, # matched peptides = 9315
 # amino acids = 29002950, # proteins = 70861, TAIR10_pep_20101214_FR_CP_BSA.fasta
 ion series ABCXYZ nl: 010010 1
 display top 3,  PPM MH+ISOTOPE1
 (M* +15.994915) (NQ# +0.984016) +nt=229.162932 C=160.030649 K=357.257895 Enzyme:Trypsin (1)

  #   Rank/Sp    (M+H)+   deltCn   Xcorr   Expect   Ions  Reference        Peptide
 ---  -------  ---------  ------  ------   ------   ----  ---------        -------
  1.   1 /  2  3010.5618  0.0000  1.2253   1.1496   4/144 REV_AT3G01820.1  R.RAN#IAVPSHLMSGLFEQ#QPLATENR.N
  2.   2 /  2  3010.5618  0.0025  1.2222   1.1792   4/144 REV_AT3G01820.1  R.RAN#IAVPSHLMSGLFEQQ#PLATENR.N
  3.   3 /  2  3010.5618  0.0967  1.1068   3.0555   4/144 REV_AT3G01820.1  R.RAN#IAVPSHLMSGLFEQQPLATEN#R.N

a=-0.358172 b=4.449181 0-12
HIST:	0.0	9315	3.969	4.449	999.000
HIST:	0.1	9214	3.964	4.091	999.000
HIST:	0.2	8951	3.952	3.733	999.000
HIST:	0.3	3729	3.572	3.375	999.000
HIST:	0.4	1869	3.272	3.016	999.000
HIST:	0.5	745	2.872	2.658	455.325
HIST:	0.6	287	2.458	2.300	199.595
HIST:	0.7	110	2.041	1.942	87.494
HIST:	0.8	33	1.519	1.584	38.354
HIST:	0.9	8	0.903	1.226	16.813
HIST:	1.0	4	0.602	0.867	7.370
HIST:	1.1	3	0.477	0.509	3.231
HIST:	1.2	2	0.301	0.151	1.416

