
 test.18664.18664.3.out
 Comet version 2015.02 rev. 3
 (c) University of Washington
 09/24/2017, 08:14:52 PM, 13 sec. on samson
 (M+H)+ mass = 2885.573155 ~ 0.028856 (+3), fragment tol = 0.0300, binoffset = 0.000, MONO/MONO
 total inten = 9.06E+04, lowest Sp = 0.0, # matched peptides = 5997
 # amino acids = 29002950, # proteins = 70861, TAIR10_pep_20101214_FR_CP_BSA.fasta
 ion series ABCXYZ nl: 010010 1
 display top 3,  PPM MH+ISOTOPE1
 (M* +15.994915) (NQ# +0.984016) +nt=229.162932 C=160.030649 K=357.257895 Enzyme:Trypsin (1)

  #   Rank/Sp    (M+H)+   deltCn   Xcorr   Expect   Ions  Reference       Peptide
 ---  -------  ---------  ------  ------   ------   ----  ---------       -------
  1.   1 /  1  2885.5570  0.0000  4.0813 1.96e-08  20/92  AT5G17710.1 +1  R.LNLVSNAQGEVVENLLAVLDNFER.A
  2.   2 /  4  2883.5513  0.6843  1.2885   2.2546   4/80  AT3G42630.1     R.LNIVPDLVTFGCVVDAYMDKR.L
  3.   3 /  7  2882.5461  0.7163  1.1579   5.3703   5/92  AT2G37540.1     R.LQEEGVNITIN#SVHPGLVTTN#LFR.Y

a=-0.288592 b=4.071515 0-13
HIST:	0.0	5995	3.778	4.072	999.000
HIST:	0.1	3915	3.593	3.783	999.000
HIST:	0.2	3057	3.485	3.494	999.000
HIST:	0.3	2145	3.331	3.206	999.000
HIST:	0.4	1316	3.119	2.917	826.313
HIST:	0.5	725	2.860	2.629	425.160
HIST:	0.6	387	2.588	2.340	218.756
HIST:	0.7	183	2.262	2.051	112.556
HIST:	0.8	95	1.978	1.763	57.913
HIST:	0.9	32	1.505	1.474	29.798
HIST:	1.0	11	1.041	1.186	15.332
HIST:	1.2	2	0.301	0.608	4.059
HIST:	1.3	1	0.000	0.320	2.088
HIST:	4.1	2	0.301	-7.761	0.000

