
 test.18539.18539.3.out
 Comet version 2015.02 rev. 3
 (c) University of Washington
 09/24/2017, 08:14:52 PM, 13 sec. on samson
 (M+H)+ mass = 2852.485447 ~ 0.028525 (+3), fragment tol = 0.0300, binoffset = 0.000, MONO/MONO
 total inten = 5.95E+04, lowest Sp = 0.0, # matched peptides = 8651
 # amino acids = 29002950, # proteins = 70861, TAIR10_pep_20101214_FR_CP_BSA.fasta
 ion series ABCXYZ nl: 010010 1
 display top 3,  PPM MH+ISOTOPE1
 (M* +15.994915) (NQ# +0.984016) +nt=229.162932 C=160.030649 K=357.257895 Enzyme:Trypsin (1)

  #   Rank/Sp    (M+H)+   deltCn   Xcorr   Expect   Ions  Reference        Peptide
 ---  -------  ---------  ------  ------   ------   ----  ---------        -------
  1.   1 /  1  2850.4844  0.0000  1.0356   2.5983   5/88  AT2G14510.1      K.IAIESALGIEYLHIGCQ#PPM*VHR.D
  2.   2 /  3  2852.4905  0.0799  0.9528   5.0847   4/76  REV_AT1G44350.1  K.LWAVN#DPQ#YTLRLIEDSCAK.T
  3.   3 /  6  2852.4693  0.1360  0.8947   8.1451   4/80  AT4G13840.1      K.LAN#YCFNLSVADQ#ISPHFPAK.G

a=-0.352206 b=4.062014 0-10
HIST:	0.0	8651	3.937	4.062	999.000
HIST:	0.1	4889	3.689	3.710	999.000
HIST:	0.2	2517	3.401	3.358	999.000
HIST:	0.3	1204	3.081	3.005	999.000
HIST:	0.4	471	2.673	2.653	449.975
HIST:	0.5	193	2.286	2.301	199.978
HIST:	0.6	95	1.978	1.949	88.874
HIST:	0.7	44	1.643	1.597	39.497
HIST:	0.8	21	1.322	1.244	17.553
HIST:	0.9	10	1.000	0.892	7.801
HIST:	1.0	2	0.301	0.540	3.467

