
 test.18693.18693.4.out
 Comet version 2015.02 rev. 3
 (c) University of Washington
 09/24/2017, 08:14:52 PM, 13 sec. on samson
 (M+H)+ mass = 4215.229635 ~ 0.042152 (+4), fragment tol = 0.0300, binoffset = 0.000, MONO/MONO
 total inten = 2.30E+04, lowest Sp = 0.0, # matched peptides = 6129
 # amino acids = 29002950, # proteins = 70861, TAIR10_pep_20101214_FR_CP_BSA.fasta
 ion series ABCXYZ nl: 010010 1
 display top 3,  PPM MH+ISOTOPE1
 (M* +15.994915) (NQ# +0.984016) +nt=229.162932 C=160.030649 K=357.257895 Enzyme:Trypsin (1)

  #   Rank/Sp    (M+H)+   deltCn   Xcorr   Expect   Ions  Reference    Peptide
 ---  -------  ---------  ------  ------   ------   ----  ---------    -------
  1.   1 /  8  4215.2502  0.0000  1.0261   5.5373   3/186 AT2G22750.2  K.LGLSITN#SNVLPFGPTFDISIIAQ#KNN#NFDM*K.I
  2.   1 /  8  4215.2502  0.0000  1.0261   5.5373   3/186 AT2G22750.2  K.LGLSITN#SNVLPFGPTFDISIIAQ#KN#NNFDM*K.I
  3.   2 /  8  4215.2502  0.0302  0.9951   6.9714   3/186 AT2G22750.2  K.LGLSITN#SNVLPFGPTFDISIIAQ#KNNN#FDM*K.I

a=-0.322602 b=4.053527 0-10
HIST:	0.0	6129	3.787	4.054	999.000
HIST:	0.1	6058	3.782	3.731	999.000
HIST:	0.2	3877	3.588	3.408	999.000
HIST:	0.3	1743	3.241	3.086	999.000
HIST:	0.4	829	2.919	2.763	579.586
HIST:	0.5	270	2.431	2.441	275.750
HIST:	0.6	95	1.978	2.118	131.194
HIST:	0.7	42	1.623	1.795	62.418
HIST:	0.8	23	1.362	1.473	29.697
HIST:	0.9	17	1.230	1.150	14.129
HIST:	1.0	8	0.903	0.828	6.722

