
 test.18513.18513.3.out
 Comet version 2015.02 rev. 3
 (c) University of Washington
 09/24/2017, 08:14:52 PM, 13 sec. on samson
 (M+H)+ mass = 2961.565447 ~ 0.029616 (+3), fragment tol = 0.0300, binoffset = 0.000, MONO/MONO
 total inten = 1.63E+04, lowest Sp = 0.0, # matched peptides = 8198
 # amino acids = 29002950, # proteins = 70861, TAIR10_pep_20101214_FR_CP_BSA.fasta
 ion series ABCXYZ nl: 010010 1
 display top 3,  PPM MH+ISOTOPE1
 (M* +15.994915) (NQ# +0.984016) +nt=229.162932 C=160.030649 K=357.257895 Enzyme:Trypsin (1)

  #   Rank/Sp    (M+H)+   deltCn   Xcorr   Expect   Ions  Reference        Peptide
 ---  -------  ---------  ------  ------   ------   ----  ---------        -------
  1.   1 /  8  2962.5895  0.0000  0.7029   1.9465   2/84  REV_AT1G58070.1  K.SN#M*THTQVPLM*IRQGFIAVAEK.V
  2.   2 / 14  2962.5406  0.0198  0.6890   2.2930   2/92  AT1G24280.1      R.SLSFHYASPQGLNLAELCVVRSQ#R.R
  3.   3 / 14  2961.5566  0.1820  0.5750   8.7788   2/92  AT1G24280.1      R.SLSFHYASPQGLNLAELCVVRSQR.R

a=-0.511259 b=3.882941 0-7
HIST:	0.0	8198	3.914	3.883	999.000
HIST:	0.1	1884	3.275	3.372	999.000
HIST:	0.2	1002	3.001	2.860	725.141
HIST:	0.3	207	2.316	2.349	223.441
HIST:	0.4	47	1.672	1.838	68.850
HIST:	0.5	31	1.491	1.327	21.215
HIST:	0.6	6	0.778	0.815	6.537
HIST:	0.7	2	0.301	0.304	2.014

