
 test.18522.18522.4.out
 Comet version 2015.02 rev. 3
 (c) University of Washington
 09/24/2017, 08:14:52 PM, 13 sec. on samson
 (M+H)+ mass = 3497.925680 ~ 0.034979 (+4), fragment tol = 0.0300, binoffset = 0.000, MONO/MONO
 total inten = 1.24E+05, lowest Sp = 0.0, # matched peptides = 3837
 # amino acids = 29002950, # proteins = 70861, TAIR10_pep_20101214_FR_CP_BSA.fasta
 ion series ABCXYZ nl: 010010 1
 display top 3,  PPM MH+ISOTOPE1
 (M* +15.994915) (NQ# +0.984016) +nt=229.162932 C=160.030649 K=357.257895 Enzyme:Trypsin (1)

  #   Rank/Sp    (M+H)+   deltCn   Xcorr   Expect   Ions  Reference    Peptide
 ---  -------  ---------  ------  ------   ------   ----  ---------    -------
  1.   1 /  1  3497.9087  0.0000  4.4167 5.37e-11  19/174 AT3G18190.1  K.GQITNILEENVVQPLLVSTSAITLATECVR.M
  2.   2 /  3  3496.9536  0.8012  0.8782  10.9291   4/150 AT4G24510.1  R.FLVYDHVLGPDLTFSPLVFLQ#ITQFK.C
  3.   3 /  2  3496.8899  0.8021  0.8741  11.2654   4/156 AT1G04630.1  R.N#KPGM*ASVKDM*PLLQDGPPPGGFAPVR.Y

a=-0.319588 b=3.845205 0-9
HIST:	0.0	3836	3.584	3.845	999.000
HIST:	0.1	2321	3.366	3.526	999.000
HIST:	0.2	1675	3.224	3.206	999.000
HIST:	0.3	1058	3.024	2.886	769.911
HIST:	0.4	552	2.742	2.567	368.852
HIST:	0.5	285	2.455	2.247	176.711
HIST:	0.6	131	2.117	1.928	84.659
HIST:	0.7	67	1.826	1.608	40.559
HIST:	0.8	18	1.255	1.288	19.431
HIST:	0.9	3	0.477	0.969	9.309
HIST:	4.4	1	0.000	-10.217	0.000

