
 test.18550.18550.3.out
 Comet version 2015.02 rev. 3
 (c) University of Washington
 09/24/2017, 08:14:52 PM, 13 sec. on samson
 (M+H)+ mass = 2802.597263 ~ 0.028026 (+3), fragment tol = 0.0300, binoffset = 0.000, MONO/MONO
 total inten = 1.36E+04, lowest Sp = 0.0, # matched peptides = 2765
 # amino acids = 29002950, # proteins = 70861, TAIR10_pep_20101214_FR_CP_BSA.fasta
 ion series ABCXYZ nl: 010010 1
 display top 3,  PPM MH+ISOTOPE1
 (M* +15.994915) (NQ# +0.984016) +nt=229.162932 C=160.030649 K=357.257895 Enzyme:Trypsin (1)

  #   Rank/Sp    (M+H)+   deltCn   Xcorr   Expect   Ions  Reference    Peptide
 ---  -------  ---------  ------  ------   ------   ----  ---------    -------
  1.   1 /  3  2800.5795  0.0000  0.8554   1.1642   3/76  AT5G60450.1  K.FDLNPQIVCRVVN#VQ#LLANK.D
  2.   2 /  1  2799.5756  0.1748  0.7059   4.1907   3/72  AT3G63270.1  R.FLN#M*VTGWPGGM*TVSKLLK.F
  3.   3 /  3  2800.5795  0.2012  0.6833   5.0835   3/76  AT5G60450.1  K.FDLNPQIVCRVVNVQ#LLAN#K.D

a=-0.371982 b=3.248065 0-7
HIST:	0.0	2999	3.477	3.248	999.000
HIST:	0.1	692	2.840	2.876	751.768
HIST:	0.2	282	2.450	2.504	319.229
HIST:	0.3	71	1.851	2.132	135.556
HIST:	0.4	41	1.613	1.760	57.562
HIST:	0.5	32	1.505	1.388	24.443
HIST:	0.6	17	1.230	1.016	10.379
HIST:	0.7	4	0.602	0.644	4.408
HIST:	0.9	1	0.000	-0.100	0.795

