
 test.18528.18528.3.out
 Comet version 2015.02 rev. 3
 (c) University of Washington
 09/24/2017, 08:14:52 PM, 13 sec. on samson
 (M+H)+ mass = 1488.916050 ~ 0.014889 (+3), fragment tol = 0.0300, binoffset = 0.000, MONO/MONO
 total inten = 2.52E+04, lowest Sp = 0.0, # matched peptides = 2673
 # amino acids = 29002950, # proteins = 70861, TAIR10_pep_20101214_FR_CP_BSA.fasta
 ion series ABCXYZ nl: 010010 1
 display top 3,  PPM MH+ISOTOPE1
 (M* +15.994915) (NQ# +0.984016) +nt=229.162932 C=160.030649 K=357.257895 Enzyme:Trypsin (1)

  #   Rank/Sp    (M+H)+   deltCn   Xcorr   Expect   Ions  Reference           Peptide
 ---  -------  ---------  ------  ------   ------   ----  ---------           -------
  1.   1 /  7  1489.9255  0.0000  0.3603   6.7125   1/32  AT1G67120.1         K.GLPKSFLNR.F
  2.   2 /  6  1487.9172  0.1301  0.3134  14.1703   1/28  AT4G26700.1     +2  R.FHMLQLLK.S
  3.   3 /  9  1487.9085  0.2103  0.2845  22.4604   1/32  REV_AT1G19360.1     K.DVAIEELIK.A

a=-0.692454 b=3.321612 0-4
HIST:	0.0	2999	3.477	3.322	999.000
HIST:	0.1	314	2.497	2.629	425.753
HIST:	0.2	61	1.785	1.937	86.438
HIST:	0.3	21	1.322	1.244	17.549
HIST:	0.4	4	0.602	0.552	3.563
HIST:	0.6	1	0.000	-0.833	0.147

