
 test.18688.18688.4.out
 Comet version 2015.02 rev. 3
 (c) University of Washington
 09/24/2017, 08:14:52 PM, 13 sec. on samson
 (M+H)+ mass = 2794.420798 ~ 0.027944 (+4), fragment tol = 0.0300, binoffset = 0.000, MONO/MONO
 total inten = 2.18E+04, lowest Sp = 0.0, # matched peptides = 7000
 # amino acids = 29002950, # proteins = 70861, TAIR10_pep_20101214_FR_CP_BSA.fasta
 ion series ABCXYZ nl: 010010 1
 display top 3,  PPM MH+ISOTOPE1
 (M* +15.994915) (NQ# +0.984016) +nt=229.162932 C=160.030649 K=357.257895 Enzyme:Trypsin (1)

  #   Rank/Sp    (M+H)+   deltCn   Xcorr   Expect   Ions  Reference        Peptide
 ---  -------  ---------  ------  ------   ------   ----  ---------        -------
  1.   1 /  1  2793.4064  0.0000  0.8367   0.3004   4/120 AT4G03480.1      R.QM*ETAACLVNADQHASFLANK.D
  2.   2 /  5  2792.4227  0.2695  0.6112   4.7933   2/108 AT2G23460.1      K.QCVLEN#IPADEGDAKSN#DK.T
  3.   3 / 10  2793.4096  0.3419  0.5506  10.0911   2/114 REV_AT5G46460.1  K.QEDEVDHLASRYDPAYGLEK.L

a=-0.533445 b=3.941128 0-6
HIST:	0.0	6999	3.845	3.941	999.000
HIST:	0.1	1961	3.292	3.408	999.000
HIST:	0.2	881	2.945	2.874	748.582
HIST:	0.3	269	2.430	2.341	219.177
HIST:	0.4	83	1.919	1.807	64.173
HIST:	0.5	45	1.653	1.274	18.789
HIST:	0.6	2	0.301	0.740	5.501
HIST:	0.8	1	0.000	-0.326	0.472

