
 test.18700.18700.3.out
 Comet version 2015.02 rev. 3
 (c) University of Washington
 09/24/2017, 08:14:52 PM, 13 sec. on samson
 (M+H)+ mass = 3330.745447 ~ 0.033307 (+3), fragment tol = 0.0300, binoffset = 0.000, MONO/MONO
 total inten = 8.91E+03, lowest Sp = 0.0, # matched peptides = 8555
 # amino acids = 29002950, # proteins = 70861, TAIR10_pep_20101214_FR_CP_BSA.fasta
 ion series ABCXYZ nl: 010010 1
 display top 3,  PPM MH+ISOTOPE1
 (M* +15.994915) (NQ# +0.984016) +nt=229.162932 C=160.030649 K=357.257895 Enzyme:Trypsin (1)

  #   Rank/Sp    (M+H)+   deltCn   Xcorr   Expect   Ions  Reference           Peptide
 ---  -------  ---------  ------  ------   ------   ----  ---------           -------
  1.   1 /  9  3327.7217  0.0000  0.5543   9.9779   2/104 REV_AT5G38970.1 +1  R.MQNWRLLASCLSVIILLLGM*MVMMAGM.-
  2.   2 /  9  3327.7217  0.0060  0.5510  10.3872   2/104 REV_AT5G38970.1 +1  R.MQNWRLLASCLSVIILLLGMM*VMMAGM.-
  3.   3 /  9  3327.7217  0.0069  0.5505  10.4498   2/104 REV_AT5G38970.1 +1  R.MQNWRLLASCLSVIILLLGMMVM*MAGM.-

a=-0.523826 b=3.902706 0-6
HIST:	0.0	8555	3.932	3.903	999.000
HIST:	0.1	1915	3.282	3.379	999.000
HIST:	0.2	931	2.969	2.855	716.232
HIST:	0.3	203	2.307	2.331	214.401
HIST:	0.4	59	1.771	1.807	64.180
HIST:	0.5	19	1.279	1.284	19.212
HIST:	0.6	6	0.778	0.760	5.751

