
 test.18512.18512.2.out
 Comet version 2015.02 rev. 3
 (c) University of Washington
 09/24/2017, 08:14:52 PM, 13 sec. on samson
 (M+H)+ mass = 1654.877123 ~ 0.016549 (+2), fragment tol = 0.0300, binoffset = 0.000, MONO/MONO
 total inten = 6.83E+04, lowest Sp = 0.0, # matched peptides = 4572
 # amino acids = 29002950, # proteins = 70861, TAIR10_pep_20101214_FR_CP_BSA.fasta
 ion series ABCXYZ nl: 010010 1
 display top 3,  PPM MH+ISOTOPE1
 (M* +15.994915) (NQ# +0.984016) +nt=229.162932 C=160.030649 K=357.257895 Enzyme:Trypsin (1)

  #   Rank/Sp    (M+H)+   deltCn   Xcorr   Expect   Ions  Reference        Peptide
 ---  -------  ---------  ------  ------   ------   ----  ---------        -------
  1.   1 /  1  1655.8703  0.0000  0.9630   2.2933   4/20  REV_AT3G48195.1  K.QFQ#LNRSVYN#R.S
  2.   2 /  1  1654.8863  0.0027  0.9604   2.3418   4/20  REV_AT3G48195.1  K.QFQ#LNRSVYNR.S
  3.   3 /  2  1655.8703  0.0431  0.9215   3.1928   4/20  REV_AT3G48195.1  K.Q#FQLNRSVYN#R.S

a=-0.346002 b=3.692500 0-10
HIST:	0.0	4572	3.660	3.692	999.000
HIST:	0.1	2217	3.346	3.346	999.000
HIST:	0.2	1343	3.128	3.000	999.000
HIST:	0.3	465	2.667	2.654	451.329
HIST:	0.4	189	2.276	2.308	203.466
HIST:	0.5	78	1.892	1.962	91.725
HIST:	0.6	37	1.568	1.616	41.351
HIST:	0.7	20	1.301	1.270	18.642
HIST:	0.8	7	0.845	0.924	8.404
HIST:	0.9	4	0.602	0.578	3.789
HIST:	1.0	2	0.301	0.232	1.708

