
 test.18623.18623.3.out
 Comet version 2015.02 rev. 3
 (c) University of Washington
 09/24/2017, 08:14:52 PM, 13 sec. on samson
 (M+H)+ mass = 2386.293797 ~ 0.023863 (+3), fragment tol = 0.0300, binoffset = 0.000, MONO/MONO
 total inten = 3.51E+04, lowest Sp = 0.0, # matched peptides = 6018
 # amino acids = 29002950, # proteins = 70861, TAIR10_pep_20101214_FR_CP_BSA.fasta
 ion series ABCXYZ nl: 010010 1
 display top 3,  PPM MH+ISOTOPE1
 (M* +15.994915) (NQ# +0.984016) +nt=229.162932 C=160.030649 K=357.257895 Enzyme:Trypsin (1)

  #   Rank/Sp    (M+H)+   deltCn   Xcorr   Expect   Ions  Reference    Peptide
 ---  -------  ---------  ------  ------   ------   ----  ---------    -------
  1.   1 /  5  2385.2855  0.0000  0.7953  12.4991   4/56  AT2G37710.1  K.YLYN#TPEVTLN#WKQR.I
  2.   2 /  5  2385.2855  0.0030  0.7929  12.7594   4/56  AT2G37710.1  K.YLYN#TPEVTLNWKQ#R.I
  3.   3 / 12  2385.2944  0.0157  0.7829  13.8996   4/72  AT3G03360.1  R.QMVPMLPRNNDVSIVLSSR.R

a=-0.369366 b=4.034618 0-8
HIST:	0.0	6018	3.779	4.035	999.000
HIST:	0.1	4104	3.613	3.665	999.000
HIST:	0.2	2616	3.418	3.296	999.000
HIST:	0.3	1217	3.085	2.927	844.343
HIST:	0.4	542	2.734	2.557	360.705
HIST:	0.5	181	2.258	2.188	154.094
HIST:	0.6	67	1.826	1.818	65.829
HIST:	0.7	25	1.398	1.449	28.122
HIST:	0.8	8	0.903	1.080	12.014

