
 test.18611.18611.3.out
 Comet version 2015.02 rev. 3
 (c) University of Washington
 09/24/2017, 08:14:52 PM, 13 sec. on samson
 (M+H)+ mass = 1532.945500 ~ 0.015329 (+3), fragment tol = 0.0300, binoffset = 0.000, MONO/MONO
 total inten = 3.85E+04, lowest Sp = 0.0, # matched peptides = 3113
 # amino acids = 29002950, # proteins = 70861, TAIR10_pep_20101214_FR_CP_BSA.fasta
 ion series ABCXYZ nl: 010010 1
 display top 3,  PPM MH+ISOTOPE1
 (M* +15.994915) (NQ# +0.984016) +nt=229.162932 C=160.030649 K=357.257895 Enzyme:Trypsin (1)

  #   Rank/Sp    (M+H)+   deltCn   Xcorr   Expect   Ions  Reference           Peptide
 ---  -------  ---------  ------  ------   ------   ----  ---------           -------
  1.   1 /  1  1530.9256  0.0000  0.5400   0.8143   3/36  REV_AT1G74710.1 +1  R.SISIISSHTK.T
  2.   2 / 12  1532.9347  0.3204  0.3670  10.2606   1/36  ATMG00060.1     +2  K.AATKAMLVNR.V
  3.   3 /  9  1530.9296  0.3455  0.3535  12.5077   1/32  REV_AT1G71740.1     K.WTLLPLSN#K.A

a=-0.635881 b=3.344755 0-5
HIST:	0.0	3113	3.493	3.345	999.000
HIST:	0.1	455	2.658	2.709	511.533
HIST:	0.2	95	1.978	2.073	118.302
HIST:	0.3	21	1.322	1.437	27.360
HIST:	0.4	6	0.778	0.801	6.327
HIST:	0.5	2	0.301	0.165	1.463

